// Jest Snapshot v1, https://goo.gl/fbAQLP

exports[`Admin Dashboard Component Login renders properly 1`] = `
<div>
  <h1>
    Admin Dashboard
  </h1>
  <p>
     Welcome 
     
  </p>
</div>
`;
