// Jest Snapshot v1, https://goo.gl/fbAQLP

exports[`App renders without crashing given the required props 1`] = `
<div>
  <Switch>
    <Route
      component={[Function]}
      exact={true}
      path="/"
    />
    <ProtectedRoute
      component={[Function]}
      path="/admin"
    />
    <ProtectedRoute
      component={[Function]}
      path="/faculty"
    />
    <Route
      component={[Function]}
      path="*"
    />
  </Switch>
</div>
`;
